<?xml version="1.0" encoding="UTF-8" standalone="no" ?>
<testsuites>
  <testsuite errors="0" failures="0" name="tAddThem" skipped="0" tests="1" time="0.56776">
    <testcase classname="tAddThem" name="verifySumPositive" time="0.56776"/>
  </testsuite>
</testsuites>
